+102: SESS=/home/eh/Desktop/hyptcn3/data/sessions/20261005T234848Z_idle_benign
+103: RAWDIR=/home/eh/Desktop/hyptcn3/data/raw/20261005T234848Z_session
+105: '[' 0 -eq 1 ']'
+115: mkdir -p /home/eh/Desktop/hyptcn3/data/sessions/20261005T234848Z_idle_benign /home/eh/Desktop/hyptcn3/data/raw/20261005T234848Z_session
++117: id -u
+117: '[' 0 -eq 0 ']'
+120: as_user virsh --connect qemu:///session destroy hyptcn-guest
+121: as_user virsh --connect qemu:///session snapshot-revert hyptcn-guest hyptcn-clean --running
++46: id -u
+46: '[' 0 -eq 0 ']'
+46: '[' -n eh ']'
+47: local uid home
++48: id -u eh
+48: uid=1000
++49: getent passwd eh
++49: cut -d: -f6
+49: home=/home/eh
+50: runuser -u eh -- env XDG_RUNTIME_DIR=/run/user/1000 HOME=/home/eh virsh --connect qemu:///session snapshot-revert hyptcn-guest hyptcn-clean --running
Domain snapshot hyptcn-clean reverted

+125: priebeh=()
+128: zaznam 'revert hyptcn-clean ok, VM startuje'
+126: priebeh+=("$(date -u +%H:%M:%S)Z $1")
++126: date -u +%H:%M:%S
session: revert hyptcn-clean ok, VM startuje
+126: echo 'session: revert hyptcn-clean ok, VM startuje'
+129: zaznam 'zahriatie 30s'
+126: priebeh+=("$(date -u +%H:%M:%S)Z $1")
++126: date -u +%H:%M:%S
session: zahriatie 30s
+126: echo 'session: zahriatie 30s'
+130: sleep 30
++133: jq -r '.apt_packages // [] | join(" ")' /tmp/hyptcn_batch_manifest.2084271.json
+133: APT_PKGS=
+134: '[' -n '' ']'
+141: TCPDUMP_PID=
+142: ISO_ATTACHED=0
/home/eh/Desktop/hyptcn3/scripts/session.sh: line 143: NET: unbound variable
